\set ECHO none
NOTICE:  CREATE EXTENSION pg_extra_time WITH VERSION '1.1.1' CASCADE
NOTICE:  ALTER EXTENSION pg_extra_time UPDATE TO '2.0.0'
NOTICE:  CALL test__extract_interval()
WARNING:  `extract_interval(tstzrange, interval[])` has been deprected since `pg_extra_time` 2.0.
HINT:  Please use `to_interval(tstzrange, interval[])` directly instead of `extract_interval(tstzrange, interval[])`.
WARNING:  `extract_interval(tstzrange)` has been deprected since `pg_extra_time` 2.0.
HINT:  Please use `to_interval(tstzrange)` directly instead of `extract_interval(tstzrange)`.
WARNING:  `extract_interval(tstzrange, interval[])` has been deprected since `pg_extra_time` 2.0.
HINT:  Please use `to_interval(tstzrange, interval[])` directly instead of `extract_interval(tstzrange, interval[])`.
NOTICE:  CALL test__extract_days_from_tstzrange()
WARNING:  `extract_days(tstzrange)` has been deprected since `pg_extra_time` 2.0.
HINT:  Please use `whole_days(tstzrange)` instead of `extract_days(tstzrange)`.
WARNING:  `extract_days(tstzrange)` has been deprected since `pg_extra_time` 2.0.
HINT:  Please use `whole_days(tstzrange)` instead of `extract_days(tstzrange)`.
WARNING:  `extract_days(tstzrange)` has been deprected since `pg_extra_time` 2.0.
HINT:  Please use `whole_days(tstzrange)` instead of `extract_days(tstzrange)`.
WARNING:  `extract_days(tstzrange)` has been deprected since `pg_extra_time` 2.0.
HINT:  Please use `whole_days(tstzrange)` instead of `extract_days(tstzrange)`.
WARNING:  `extract_days(tstzrange)` has been deprected since `pg_extra_time` 2.0.
HINT:  Please use `whole_days(tstzrange)` instead of `extract_days(tstzrange)`.
WARNING:  `extract_days(tstzrange)` has been deprected since `pg_extra_time` 2.0.
HINT:  Please use `whole_days(tstzrange)` instead of `extract_days(tstzrange)`.
WARNING:  `extract_days(tstzrange)` has been deprected since `pg_extra_time` 2.0.
HINT:  Please use `whole_days(tstzrange)` instead of `extract_days(tstzrange)`.
WARNING:  `extract_days(tstzrange)` has been deprected since `pg_extra_time` 2.0.
HINT:  Please use `whole_days(tstzrange)` instead of `extract_days(tstzrange)`.
NOTICE:  CALL test__extract_days_from_interval()
WARNING:  `extract_days(interval)` has been deprected since `pg_extra_time` 2.0.
HINT:  Please use `whole_days(interval)` directly instead of `extract_days(interval)`.
WARNING:  `extract_days(interval)` has been deprected since `pg_extra_time` 2.0.
HINT:  Please use `whole_days(interval)` directly instead of `extract_days(interval)`.
WARNING:  `extract_days(interval)` has been deprected since `pg_extra_time` 2.0.
HINT:  Please use `whole_days(interval)` directly instead of `extract_days(interval)`.
WARNING:  `extract_days(interval)` has been deprected since `pg_extra_time` 2.0.
HINT:  Please use `whole_days(interval)` directly instead of `extract_days(interval)`.
NOTICE:  CALL test__modulo__tsttzrange__interval()
NOTICE:  CALL test__modulo__interval__interval()
NOTICE:  CALL test__date_part_parts()
NOTICE:  CALL test__each_subperiod()
NOTICE:  CALL test__make_tstzrange()
NOTICE:  CALL test__make_tsrange()
NOTICE:  CALL test__to_interval()
NOTICE:  CALL test__whole_days_from_tstzrange()
NOTICE:  CALL test__whole_days_from_interval()
NOTICE:  CALL test__tstzrange_to_days()
NOTICE:  CALL test__daterange_to_days()
NOTICE:  CALL test__days_from_interval()
NOTICE:  DROP EXTENSION pg_extra_time CASCADE
NOTICE:  CREATE EXTENSION pg_extra_time WITH VERSION '2.0.0' CASCADE
NOTICE:  CALL test__to_interval()
NOTICE:  CALL test__extract_interval()
WARNING:  `extract_interval(tstzrange, interval[])` has been deprected since `pg_extra_time` 2.0.
HINT:  Please use `to_interval(tstzrange, interval[])` directly instead of `extract_interval(tstzrange, interval[])`.
WARNING:  `extract_interval(tstzrange)` has been deprected since `pg_extra_time` 2.0.
HINT:  Please use `to_interval(tstzrange)` directly instead of `extract_interval(tstzrange)`.
WARNING:  `extract_interval(tstzrange, interval[])` has been deprected since `pg_extra_time` 2.0.
HINT:  Please use `to_interval(tstzrange, interval[])` directly instead of `extract_interval(tstzrange, interval[])`.
NOTICE:  CALL test__whole_days_from_tstzrange()
NOTICE:  CALL test__extract_days_from_tstzrange()
WARNING:  `extract_days(tstzrange)` has been deprected since `pg_extra_time` 2.0.
HINT:  Please use `whole_days(tstzrange)` instead of `extract_days(tstzrange)`.
WARNING:  `extract_days(tstzrange)` has been deprected since `pg_extra_time` 2.0.
HINT:  Please use `whole_days(tstzrange)` instead of `extract_days(tstzrange)`.
WARNING:  `extract_days(tstzrange)` has been deprected since `pg_extra_time` 2.0.
HINT:  Please use `whole_days(tstzrange)` instead of `extract_days(tstzrange)`.
WARNING:  `extract_days(tstzrange)` has been deprected since `pg_extra_time` 2.0.
HINT:  Please use `whole_days(tstzrange)` instead of `extract_days(tstzrange)`.
WARNING:  `extract_days(tstzrange)` has been deprected since `pg_extra_time` 2.0.
HINT:  Please use `whole_days(tstzrange)` instead of `extract_days(tstzrange)`.
WARNING:  `extract_days(tstzrange)` has been deprected since `pg_extra_time` 2.0.
HINT:  Please use `whole_days(tstzrange)` instead of `extract_days(tstzrange)`.
WARNING:  `extract_days(tstzrange)` has been deprected since `pg_extra_time` 2.0.
HINT:  Please use `whole_days(tstzrange)` instead of `extract_days(tstzrange)`.
WARNING:  `extract_days(tstzrange)` has been deprected since `pg_extra_time` 2.0.
HINT:  Please use `whole_days(tstzrange)` instead of `extract_days(tstzrange)`.
NOTICE:  CALL test__tstzrange_to_days()
NOTICE:  CALL test__daterange_to_days()
NOTICE:  CALL test__days_from_interval()
NOTICE:  CALL test__whole_days_from_interval()
NOTICE:  CALL test__extract_days_from_interval()
WARNING:  `extract_days(interval)` has been deprected since `pg_extra_time` 2.0.
HINT:  Please use `whole_days(interval)` directly instead of `extract_days(interval)`.
WARNING:  `extract_days(interval)` has been deprected since `pg_extra_time` 2.0.
HINT:  Please use `whole_days(interval)` directly instead of `extract_days(interval)`.
WARNING:  `extract_days(interval)` has been deprected since `pg_extra_time` 2.0.
HINT:  Please use `whole_days(interval)` directly instead of `extract_days(interval)`.
WARNING:  `extract_days(interval)` has been deprected since `pg_extra_time` 2.0.
HINT:  Please use `whole_days(interval)` directly instead of `extract_days(interval)`.
NOTICE:  CALL test__modulo__tsttzrange__interval()
NOTICE:  CALL test__modulo__interval__interval()
NOTICE:  CALL test__date_part_parts()
NOTICE:  CALL test__each_subperiod()
NOTICE:  CALL test__make_tstzrange()
NOTICE:  CALL test__make_tsrange()
NOTICE:  DROP EXTENSION pg_extra_time CASCADE
NOTICE:  CREATE EXTENSION pg_extra_time WITH VERSION '0.7.1' CASCADE
NOTICE:  ALTER EXTENSION pg_extra_time UPDATE TO '2.0.0'
NOTICE:  CALL test__extract_interval()
WARNING:  `extract_interval(tstzrange, interval[])` has been deprected since `pg_extra_time` 2.0.
HINT:  Please use `to_interval(tstzrange, interval[])` directly instead of `extract_interval(tstzrange, interval[])`.
WARNING:  `extract_interval(tstzrange)` has been deprected since `pg_extra_time` 2.0.
HINT:  Please use `to_interval(tstzrange)` directly instead of `extract_interval(tstzrange)`.
WARNING:  `extract_interval(tstzrange, interval[])` has been deprected since `pg_extra_time` 2.0.
HINT:  Please use `to_interval(tstzrange, interval[])` directly instead of `extract_interval(tstzrange, interval[])`.
NOTICE:  CALL test__extract_days_from_tstzrange()
WARNING:  `extract_days(tstzrange)` has been deprected since `pg_extra_time` 2.0.
HINT:  Please use `whole_days(tstzrange)` instead of `extract_days(tstzrange)`.
WARNING:  `extract_days(tstzrange)` has been deprected since `pg_extra_time` 2.0.
HINT:  Please use `whole_days(tstzrange)` instead of `extract_days(tstzrange)`.
WARNING:  `extract_days(tstzrange)` has been deprected since `pg_extra_time` 2.0.
HINT:  Please use `whole_days(tstzrange)` instead of `extract_days(tstzrange)`.
WARNING:  `extract_days(tstzrange)` has been deprected since `pg_extra_time` 2.0.
HINT:  Please use `whole_days(tstzrange)` instead of `extract_days(tstzrange)`.
WARNING:  `extract_days(tstzrange)` has been deprected since `pg_extra_time` 2.0.
HINT:  Please use `whole_days(tstzrange)` instead of `extract_days(tstzrange)`.
WARNING:  `extract_days(tstzrange)` has been deprected since `pg_extra_time` 2.0.
HINT:  Please use `whole_days(tstzrange)` instead of `extract_days(tstzrange)`.
WARNING:  `extract_days(tstzrange)` has been deprected since `pg_extra_time` 2.0.
HINT:  Please use `whole_days(tstzrange)` instead of `extract_days(tstzrange)`.
WARNING:  `extract_days(tstzrange)` has been deprected since `pg_extra_time` 2.0.
HINT:  Please use `whole_days(tstzrange)` instead of `extract_days(tstzrange)`.
NOTICE:  CALL test__extract_days_from_interval()
WARNING:  `extract_days(interval)` has been deprected since `pg_extra_time` 2.0.
HINT:  Please use `whole_days(interval)` directly instead of `extract_days(interval)`.
WARNING:  `extract_days(interval)` has been deprected since `pg_extra_time` 2.0.
HINT:  Please use `whole_days(interval)` directly instead of `extract_days(interval)`.
WARNING:  `extract_days(interval)` has been deprected since `pg_extra_time` 2.0.
HINT:  Please use `whole_days(interval)` directly instead of `extract_days(interval)`.
WARNING:  `extract_days(interval)` has been deprected since `pg_extra_time` 2.0.
HINT:  Please use `whole_days(interval)` directly instead of `extract_days(interval)`.
NOTICE:  CALL test__modulo__tsttzrange__interval()
NOTICE:  CALL test__date_part_parts()
NOTICE:  CALL test__each_subperiod()
NOTICE:  CALL test__make_tstzrange()
NOTICE:  CALL test__make_tsrange()
NOTICE:  CALL test__modulo__interval__interval()
NOTICE:  CALL test__to_interval()
NOTICE:  CALL test__whole_days_from_tstzrange()
NOTICE:  CALL test__whole_days_from_interval()
NOTICE:  CALL test__tstzrange_to_days()
NOTICE:  CALL test__daterange_to_days()
NOTICE:  CALL test__days_from_interval()
NOTICE:  DROP EXTENSION pg_extra_time CASCADE
NOTICE:  CREATE EXTENSION pg_extra_time WITH VERSION '1.1.2' CASCADE
NOTICE:  ALTER EXTENSION pg_extra_time UPDATE TO '2.0.0'
NOTICE:  CALL test__extract_interval()
WARNING:  `extract_interval(tstzrange, interval[])` has been deprected since `pg_extra_time` 2.0.
HINT:  Please use `to_interval(tstzrange, interval[])` directly instead of `extract_interval(tstzrange, interval[])`.
WARNING:  `extract_interval(tstzrange)` has been deprected since `pg_extra_time` 2.0.
HINT:  Please use `to_interval(tstzrange)` directly instead of `extract_interval(tstzrange)`.
WARNING:  `extract_interval(tstzrange, interval[])` has been deprected since `pg_extra_time` 2.0.
HINT:  Please use `to_interval(tstzrange, interval[])` directly instead of `extract_interval(tstzrange, interval[])`.
NOTICE:  CALL test__extract_days_from_tstzrange()
WARNING:  `extract_days(tstzrange)` has been deprected since `pg_extra_time` 2.0.
HINT:  Please use `whole_days(tstzrange)` instead of `extract_days(tstzrange)`.
WARNING:  `extract_days(tstzrange)` has been deprected since `pg_extra_time` 2.0.
HINT:  Please use `whole_days(tstzrange)` instead of `extract_days(tstzrange)`.
WARNING:  `extract_days(tstzrange)` has been deprected since `pg_extra_time` 2.0.
HINT:  Please use `whole_days(tstzrange)` instead of `extract_days(tstzrange)`.
WARNING:  `extract_days(tstzrange)` has been deprected since `pg_extra_time` 2.0.
HINT:  Please use `whole_days(tstzrange)` instead of `extract_days(tstzrange)`.
WARNING:  `extract_days(tstzrange)` has been deprected since `pg_extra_time` 2.0.
HINT:  Please use `whole_days(tstzrange)` instead of `extract_days(tstzrange)`.
WARNING:  `extract_days(tstzrange)` has been deprected since `pg_extra_time` 2.0.
HINT:  Please use `whole_days(tstzrange)` instead of `extract_days(tstzrange)`.
WARNING:  `extract_days(tstzrange)` has been deprected since `pg_extra_time` 2.0.
HINT:  Please use `whole_days(tstzrange)` instead of `extract_days(tstzrange)`.
WARNING:  `extract_days(tstzrange)` has been deprected since `pg_extra_time` 2.0.
HINT:  Please use `whole_days(tstzrange)` instead of `extract_days(tstzrange)`.
NOTICE:  CALL test__extract_days_from_interval()
WARNING:  `extract_days(interval)` has been deprected since `pg_extra_time` 2.0.
HINT:  Please use `whole_days(interval)` directly instead of `extract_days(interval)`.
WARNING:  `extract_days(interval)` has been deprected since `pg_extra_time` 2.0.
HINT:  Please use `whole_days(interval)` directly instead of `extract_days(interval)`.
WARNING:  `extract_days(interval)` has been deprected since `pg_extra_time` 2.0.
HINT:  Please use `whole_days(interval)` directly instead of `extract_days(interval)`.
WARNING:  `extract_days(interval)` has been deprected since `pg_extra_time` 2.0.
HINT:  Please use `whole_days(interval)` directly instead of `extract_days(interval)`.
NOTICE:  CALL test__modulo__tsttzrange__interval()
NOTICE:  CALL test__modulo__interval__interval()
NOTICE:  CALL test__date_part_parts()
NOTICE:  CALL test__each_subperiod()
NOTICE:  CALL test__make_tstzrange()
NOTICE:  CALL test__make_tsrange()
NOTICE:  CALL test__to_interval()
NOTICE:  CALL test__whole_days_from_tstzrange()
NOTICE:  CALL test__whole_days_from_interval()
NOTICE:  CALL test__tstzrange_to_days()
NOTICE:  CALL test__daterange_to_days()
NOTICE:  CALL test__days_from_interval()
NOTICE:  DROP EXTENSION pg_extra_time CASCADE
NOTICE:  CREATE EXTENSION pg_extra_time WITH VERSION '1.1.0' CASCADE
NOTICE:  ALTER EXTENSION pg_extra_time UPDATE TO '2.0.0'
NOTICE:  CALL test__extract_interval()
WARNING:  `extract_interval(tstzrange, interval[])` has been deprected since `pg_extra_time` 2.0.
HINT:  Please use `to_interval(tstzrange, interval[])` directly instead of `extract_interval(tstzrange, interval[])`.
WARNING:  `extract_interval(tstzrange)` has been deprected since `pg_extra_time` 2.0.
HINT:  Please use `to_interval(tstzrange)` directly instead of `extract_interval(tstzrange)`.
WARNING:  `extract_interval(tstzrange, interval[])` has been deprected since `pg_extra_time` 2.0.
HINT:  Please use `to_interval(tstzrange, interval[])` directly instead of `extract_interval(tstzrange, interval[])`.
NOTICE:  CALL test__extract_days_from_tstzrange()
WARNING:  `extract_days(tstzrange)` has been deprected since `pg_extra_time` 2.0.
HINT:  Please use `whole_days(tstzrange)` instead of `extract_days(tstzrange)`.
WARNING:  `extract_days(tstzrange)` has been deprected since `pg_extra_time` 2.0.
HINT:  Please use `whole_days(tstzrange)` instead of `extract_days(tstzrange)`.
WARNING:  `extract_days(tstzrange)` has been deprected since `pg_extra_time` 2.0.
HINT:  Please use `whole_days(tstzrange)` instead of `extract_days(tstzrange)`.
WARNING:  `extract_days(tstzrange)` has been deprected since `pg_extra_time` 2.0.
HINT:  Please use `whole_days(tstzrange)` instead of `extract_days(tstzrange)`.
WARNING:  `extract_days(tstzrange)` has been deprected since `pg_extra_time` 2.0.
HINT:  Please use `whole_days(tstzrange)` instead of `extract_days(tstzrange)`.
WARNING:  `extract_days(tstzrange)` has been deprected since `pg_extra_time` 2.0.
HINT:  Please use `whole_days(tstzrange)` instead of `extract_days(tstzrange)`.
WARNING:  `extract_days(tstzrange)` has been deprected since `pg_extra_time` 2.0.
HINT:  Please use `whole_days(tstzrange)` instead of `extract_days(tstzrange)`.
WARNING:  `extract_days(tstzrange)` has been deprected since `pg_extra_time` 2.0.
HINT:  Please use `whole_days(tstzrange)` instead of `extract_days(tstzrange)`.
NOTICE:  CALL test__extract_days_from_interval()
WARNING:  `extract_days(interval)` has been deprected since `pg_extra_time` 2.0.
HINT:  Please use `whole_days(interval)` directly instead of `extract_days(interval)`.
WARNING:  `extract_days(interval)` has been deprected since `pg_extra_time` 2.0.
HINT:  Please use `whole_days(interval)` directly instead of `extract_days(interval)`.
WARNING:  `extract_days(interval)` has been deprected since `pg_extra_time` 2.0.
HINT:  Please use `whole_days(interval)` directly instead of `extract_days(interval)`.
WARNING:  `extract_days(interval)` has been deprected since `pg_extra_time` 2.0.
HINT:  Please use `whole_days(interval)` directly instead of `extract_days(interval)`.
NOTICE:  CALL test__modulo__tsttzrange__interval()
NOTICE:  CALL test__modulo__interval__interval()
NOTICE:  CALL test__date_part_parts()
NOTICE:  CALL test__each_subperiod()
NOTICE:  CALL test__make_tstzrange()
NOTICE:  CALL test__make_tsrange()
NOTICE:  CALL test__to_interval()
NOTICE:  CALL test__whole_days_from_tstzrange()
NOTICE:  CALL test__whole_days_from_interval()
NOTICE:  CALL test__tstzrange_to_days()
NOTICE:  CALL test__daterange_to_days()
NOTICE:  CALL test__days_from_interval()
NOTICE:  DROP EXTENSION pg_extra_time CASCADE
NOTICE:  CREATE EXTENSION pg_extra_time WITH VERSION '0.4.0' CASCADE
NOTICE:  ALTER EXTENSION pg_extra_time UPDATE TO '2.0.0'
NOTICE:  CALL test__extract_interval()
WARNING:  `extract_interval(tstzrange, interval[])` has been deprected since `pg_extra_time` 2.0.
HINT:  Please use `to_interval(tstzrange, interval[])` directly instead of `extract_interval(tstzrange, interval[])`.
WARNING:  `extract_interval(tstzrange)` has been deprected since `pg_extra_time` 2.0.
HINT:  Please use `to_interval(tstzrange)` directly instead of `extract_interval(tstzrange)`.
WARNING:  `extract_interval(tstzrange, interval[])` has been deprected since `pg_extra_time` 2.0.
HINT:  Please use `to_interval(tstzrange, interval[])` directly instead of `extract_interval(tstzrange, interval[])`.
NOTICE:  CALL test__extract_days_from_tstzrange()
WARNING:  `extract_days(tstzrange)` has been deprected since `pg_extra_time` 2.0.
HINT:  Please use `whole_days(tstzrange)` instead of `extract_days(tstzrange)`.
WARNING:  `extract_days(tstzrange)` has been deprected since `pg_extra_time` 2.0.
HINT:  Please use `whole_days(tstzrange)` instead of `extract_days(tstzrange)`.
WARNING:  `extract_days(tstzrange)` has been deprected since `pg_extra_time` 2.0.
HINT:  Please use `whole_days(tstzrange)` instead of `extract_days(tstzrange)`.
WARNING:  `extract_days(tstzrange)` has been deprected since `pg_extra_time` 2.0.
HINT:  Please use `whole_days(tstzrange)` instead of `extract_days(tstzrange)`.
WARNING:  `extract_days(tstzrange)` has been deprected since `pg_extra_time` 2.0.
HINT:  Please use `whole_days(tstzrange)` instead of `extract_days(tstzrange)`.
WARNING:  `extract_days(tstzrange)` has been deprected since `pg_extra_time` 2.0.
HINT:  Please use `whole_days(tstzrange)` instead of `extract_days(tstzrange)`.
WARNING:  `extract_days(tstzrange)` has been deprected since `pg_extra_time` 2.0.
HINT:  Please use `whole_days(tstzrange)` instead of `extract_days(tstzrange)`.
WARNING:  `extract_days(tstzrange)` has been deprected since `pg_extra_time` 2.0.
HINT:  Please use `whole_days(tstzrange)` instead of `extract_days(tstzrange)`.
NOTICE:  CALL test__extract_days_from_interval()
WARNING:  `extract_days(interval)` has been deprected since `pg_extra_time` 2.0.
HINT:  Please use `whole_days(interval)` directly instead of `extract_days(interval)`.
WARNING:  `extract_days(interval)` has been deprected since `pg_extra_time` 2.0.
HINT:  Please use `whole_days(interval)` directly instead of `extract_days(interval)`.
WARNING:  `extract_days(interval)` has been deprected since `pg_extra_time` 2.0.
HINT:  Please use `whole_days(interval)` directly instead of `extract_days(interval)`.
WARNING:  `extract_days(interval)` has been deprected since `pg_extra_time` 2.0.
HINT:  Please use `whole_days(interval)` directly instead of `extract_days(interval)`.
NOTICE:  CALL test__modulo__tsttzrange__interval()
NOTICE:  CALL test__date_part_parts()
NOTICE:  CALL test__each_subperiod()
NOTICE:  CALL test__make_tstzrange()
NOTICE:  CALL test__make_tsrange()
NOTICE:  CALL test__modulo__interval__interval()
NOTICE:  CALL test__to_interval()
NOTICE:  CALL test__whole_days_from_tstzrange()
NOTICE:  CALL test__whole_days_from_interval()
NOTICE:  CALL test__tstzrange_to_days()
NOTICE:  CALL test__daterange_to_days()
NOTICE:  CALL test__days_from_interval()
NOTICE:  DROP EXTENSION pg_extra_time CASCADE
NOTICE:  CREATE EXTENSION pg_extra_time WITH VERSION '1.0.0' CASCADE
NOTICE:  ALTER EXTENSION pg_extra_time UPDATE TO '2.0.0'
NOTICE:  CALL test__extract_interval()
WARNING:  `extract_interval(tstzrange, interval[])` has been deprected since `pg_extra_time` 2.0.
HINT:  Please use `to_interval(tstzrange, interval[])` directly instead of `extract_interval(tstzrange, interval[])`.
WARNING:  `extract_interval(tstzrange)` has been deprected since `pg_extra_time` 2.0.
HINT:  Please use `to_interval(tstzrange)` directly instead of `extract_interval(tstzrange)`.
WARNING:  `extract_interval(tstzrange, interval[])` has been deprected since `pg_extra_time` 2.0.
HINT:  Please use `to_interval(tstzrange, interval[])` directly instead of `extract_interval(tstzrange, interval[])`.
NOTICE:  CALL test__extract_days_from_tstzrange()
WARNING:  `extract_days(tstzrange)` has been deprected since `pg_extra_time` 2.0.
HINT:  Please use `whole_days(tstzrange)` instead of `extract_days(tstzrange)`.
WARNING:  `extract_days(tstzrange)` has been deprected since `pg_extra_time` 2.0.
HINT:  Please use `whole_days(tstzrange)` instead of `extract_days(tstzrange)`.
WARNING:  `extract_days(tstzrange)` has been deprected since `pg_extra_time` 2.0.
HINT:  Please use `whole_days(tstzrange)` instead of `extract_days(tstzrange)`.
WARNING:  `extract_days(tstzrange)` has been deprected since `pg_extra_time` 2.0.
HINT:  Please use `whole_days(tstzrange)` instead of `extract_days(tstzrange)`.
WARNING:  `extract_days(tstzrange)` has been deprected since `pg_extra_time` 2.0.
HINT:  Please use `whole_days(tstzrange)` instead of `extract_days(tstzrange)`.
WARNING:  `extract_days(tstzrange)` has been deprected since `pg_extra_time` 2.0.
HINT:  Please use `whole_days(tstzrange)` instead of `extract_days(tstzrange)`.
WARNING:  `extract_days(tstzrange)` has been deprected since `pg_extra_time` 2.0.
HINT:  Please use `whole_days(tstzrange)` instead of `extract_days(tstzrange)`.
WARNING:  `extract_days(tstzrange)` has been deprected since `pg_extra_time` 2.0.
HINT:  Please use `whole_days(tstzrange)` instead of `extract_days(tstzrange)`.
NOTICE:  CALL test__extract_days_from_interval()
WARNING:  `extract_days(interval)` has been deprected since `pg_extra_time` 2.0.
HINT:  Please use `whole_days(interval)` directly instead of `extract_days(interval)`.
WARNING:  `extract_days(interval)` has been deprected since `pg_extra_time` 2.0.
HINT:  Please use `whole_days(interval)` directly instead of `extract_days(interval)`.
WARNING:  `extract_days(interval)` has been deprected since `pg_extra_time` 2.0.
HINT:  Please use `whole_days(interval)` directly instead of `extract_days(interval)`.
WARNING:  `extract_days(interval)` has been deprected since `pg_extra_time` 2.0.
HINT:  Please use `whole_days(interval)` directly instead of `extract_days(interval)`.
NOTICE:  CALL test__modulo__tsttzrange__interval()
NOTICE:  CALL test__date_part_parts()
NOTICE:  CALL test__each_subperiod()
NOTICE:  CALL test__make_tstzrange()
NOTICE:  CALL test__make_tsrange()
NOTICE:  CALL test__modulo__interval__interval()
NOTICE:  CALL test__to_interval()
NOTICE:  CALL test__whole_days_from_tstzrange()
NOTICE:  CALL test__whole_days_from_interval()
NOTICE:  CALL test__tstzrange_to_days()
NOTICE:  CALL test__daterange_to_days()
NOTICE:  CALL test__days_from_interval()
NOTICE:  DROP EXTENSION pg_extra_time CASCADE
NOTICE:  CREATE EXTENSION pg_extra_time WITH VERSION '1.1.3' CASCADE
NOTICE:  ALTER EXTENSION pg_extra_time UPDATE TO '2.0.0'
NOTICE:  CALL test__extract_interval()
WARNING:  `extract_interval(tstzrange, interval[])` has been deprected since `pg_extra_time` 2.0.
HINT:  Please use `to_interval(tstzrange, interval[])` directly instead of `extract_interval(tstzrange, interval[])`.
WARNING:  `extract_interval(tstzrange)` has been deprected since `pg_extra_time` 2.0.
HINT:  Please use `to_interval(tstzrange)` directly instead of `extract_interval(tstzrange)`.
WARNING:  `extract_interval(tstzrange, interval[])` has been deprected since `pg_extra_time` 2.0.
HINT:  Please use `to_interval(tstzrange, interval[])` directly instead of `extract_interval(tstzrange, interval[])`.
NOTICE:  CALL test__extract_days_from_tstzrange()
WARNING:  `extract_days(tstzrange)` has been deprected since `pg_extra_time` 2.0.
HINT:  Please use `whole_days(tstzrange)` instead of `extract_days(tstzrange)`.
WARNING:  `extract_days(tstzrange)` has been deprected since `pg_extra_time` 2.0.
HINT:  Please use `whole_days(tstzrange)` instead of `extract_days(tstzrange)`.
WARNING:  `extract_days(tstzrange)` has been deprected since `pg_extra_time` 2.0.
HINT:  Please use `whole_days(tstzrange)` instead of `extract_days(tstzrange)`.
WARNING:  `extract_days(tstzrange)` has been deprected since `pg_extra_time` 2.0.
HINT:  Please use `whole_days(tstzrange)` instead of `extract_days(tstzrange)`.
WARNING:  `extract_days(tstzrange)` has been deprected since `pg_extra_time` 2.0.
HINT:  Please use `whole_days(tstzrange)` instead of `extract_days(tstzrange)`.
WARNING:  `extract_days(tstzrange)` has been deprected since `pg_extra_time` 2.0.
HINT:  Please use `whole_days(tstzrange)` instead of `extract_days(tstzrange)`.
WARNING:  `extract_days(tstzrange)` has been deprected since `pg_extra_time` 2.0.
HINT:  Please use `whole_days(tstzrange)` instead of `extract_days(tstzrange)`.
WARNING:  `extract_days(tstzrange)` has been deprected since `pg_extra_time` 2.0.
HINT:  Please use `whole_days(tstzrange)` instead of `extract_days(tstzrange)`.
NOTICE:  CALL test__extract_days_from_interval()
WARNING:  `extract_days(interval)` has been deprected since `pg_extra_time` 2.0.
HINT:  Please use `whole_days(interval)` directly instead of `extract_days(interval)`.
WARNING:  `extract_days(interval)` has been deprected since `pg_extra_time` 2.0.
HINT:  Please use `whole_days(interval)` directly instead of `extract_days(interval)`.
WARNING:  `extract_days(interval)` has been deprected since `pg_extra_time` 2.0.
HINT:  Please use `whole_days(interval)` directly instead of `extract_days(interval)`.
WARNING:  `extract_days(interval)` has been deprected since `pg_extra_time` 2.0.
HINT:  Please use `whole_days(interval)` directly instead of `extract_days(interval)`.
NOTICE:  CALL test__modulo__tsttzrange__interval()
NOTICE:  CALL test__modulo__interval__interval()
NOTICE:  CALL test__date_part_parts()
NOTICE:  CALL test__each_subperiod()
NOTICE:  CALL test__make_tstzrange()
NOTICE:  CALL test__make_tsrange()
NOTICE:  CALL test__to_interval()
NOTICE:  CALL test__whole_days_from_tstzrange()
NOTICE:  CALL test__whole_days_from_interval()
NOTICE:  CALL test__tstzrange_to_days()
NOTICE:  CALL test__daterange_to_days()
NOTICE:  CALL test__days_from_interval()
NOTICE:  DROP EXTENSION pg_extra_time CASCADE
